Analysis & Elaboration report for Taller
Wed Aug  5 13:51:40 2020
Quartus Prime Version 18.1.0 Build 625 09/12/2018 SJ Lite Edition


---------------------
; Table of Contents ;
---------------------
  1. Legal Notice
  2. Analysis & Elaboration Summary
  3. Parallel Compilation
  4. Parameter Settings for User Entity Instance: Top-level Entity: |IIR
  5. Parameter Settings for User Entity Instance: simpleRegister:sRegister
  6. Parameter Settings for User Entity Instance: fixedPointAdder:adder1
  7. Parameter Settings for User Entity Instance: fixedPointAdder:adder2
  8. Parameter Settings for User Entity Instance: fixedPointAdder:adder3
  9. Analysis & Elaboration Settings
 10. Port Connectivity Checks: "fixedPointAdder:adder3"
 11. Port Connectivity Checks: "fixedPointAdder:adder2"
 12. Port Connectivity Checks: "fixedPointAdder:adder1"
 13. Port Connectivity Checks: "floatingpPointMult:mult3"
 14. Port Connectivity Checks: "floatingpPointMult:mult2"
 15. Port Connectivity Checks: "floatingpPointMult:mult1|mid:midUnit|mulUnit:multiplicationUnit2"
 16. Port Connectivity Checks: "floatingpPointMult:mult1|mid:midUnit|mulUnit:multiplicationUnit1"
 17. Port Connectivity Checks: "floatingpPointMult:mult1|low:lowUnit|mulUnit:multiplicationUnit"
 18. Port Connectivity Checks: "floatingpPointMult:mult1"
 19. Port Connectivity Checks: "simpleRegister:sRegister"
 20. Analysis & Elaboration Messages



----------------
; Legal Notice ;
----------------
Copyright (C) 2018  Intel Corporation. All rights reserved.
Your use of Intel Corporation's design tools, logic functions 
and other software and tools, and its AMPP partner logic 
functions, and any output files from any of the foregoing 
(including device programming or simulation files), and any 
associated documentation or information are expressly subject 
to the terms and conditions of the Intel Program License 
Subscription Agreement, the Intel Quartus Prime License Agreement,
the Intel FPGA IP License Agreement, or other applicable license
agreement, including, without limitation, that your use is for
the sole purpose of programming logic devices manufactured by
Intel and sold by Intel or its authorized distributors.  Please
refer to the applicable agreement for further details.



+-----------------------------------------------------------------------------+
; Analysis & Elaboration Summary                                              ;
+-------------------------------+---------------------------------------------+
; Analysis & Elaboration Status ; Successful - Wed Aug  5 13:51:40 2020       ;
; Quartus Prime Version         ; 18.1.0 Build 625 09/12/2018 SJ Lite Edition ;
; Revision Name                 ; Taller                                      ;
; Top-level Entity Name         ; IIR                                         ;
; Family                        ; Cyclone V                                   ;
; Logic utilization (in ALMs)   ; N/A until Partition Merge                   ;
; Total registers               ; N/A until Partition Merge                   ;
; Total pins                    ; N/A until Partition Merge                   ;
; Total virtual pins            ; N/A until Partition Merge                   ;
; Total block memory bits       ; N/A until Partition Merge                   ;
; Total PLLs                    ; N/A until Partition Merge                   ;
; Total DLLs                    ; N/A until Partition Merge                   ;
+-------------------------------+---------------------------------------------+


+------------------------------------------+
; Parallel Compilation                     ;
+----------------------------+-------------+
; Processors                 ; Number      ;
+----------------------------+-------------+
; Number detected on machine ; 8           ;
; Maximum allowed            ; 4           ;
;                            ;             ;
; Average used               ; 1.00        ;
; Maximum used               ; 1           ;
;                            ;             ;
; Usage by Processor         ; % Time Used ;
;     Processor 1            ; 100.0%      ;
+----------------------------+-------------+


+---------------------------------------------------------------------+
; Parameter Settings for User Entity Instance: Top-level Entity: |IIR ;
+----------------+-------+--------------------------------------------+
; Parameter Name ; Value ; Type                                       ;
+----------------+-------+--------------------------------------------+
; N_BITS         ; 32    ; Signed Integer                             ;
+----------------+-------+--------------------------------------------+
Note: In order to hide this table in the UI and the text report file, please set the "Show Parameter Settings in Synthesis Report" option in "Analysis and Synthesis Settings -> More Settings" to "Off".


+-----------------------------------------------------------------------+
; Parameter Settings for User Entity Instance: simpleRegister:sRegister ;
+----------------+-------+----------------------------------------------+
; Parameter Name ; Value ; Type                                         ;
+----------------+-------+----------------------------------------------+
; N_BITS         ; 32    ; Signed Integer                               ;
+----------------+-------+----------------------------------------------+
Note: In order to hide this table in the UI and the text report file, please set the "Show Parameter Settings in Synthesis Report" option in "Analysis and Synthesis Settings -> More Settings" to "Off".


+---------------------------------------------------------------------+
; Parameter Settings for User Entity Instance: fixedPointAdder:adder1 ;
+----------------+-------+--------------------------------------------+
; Parameter Name ; Value ; Type                                       ;
+----------------+-------+--------------------------------------------+
; N_BITS         ; 32    ; Signed Integer                             ;
+----------------+-------+--------------------------------------------+
Note: In order to hide this table in the UI and the text report file, please set the "Show Parameter Settings in Synthesis Report" option in "Analysis and Synthesis Settings -> More Settings" to "Off".


+---------------------------------------------------------------------+
; Parameter Settings for User Entity Instance: fixedPointAdder:adder2 ;
+----------------+-------+--------------------------------------------+
; Parameter Name ; Value ; Type                                       ;
+----------------+-------+--------------------------------------------+
; N_BITS         ; 32    ; Signed Integer                             ;
+----------------+-------+--------------------------------------------+
Note: In order to hide this table in the UI and the text report file, please set the "Show Parameter Settings in Synthesis Report" option in "Analysis and Synthesis Settings -> More Settings" to "Off".


+---------------------------------------------------------------------+
; Parameter Settings for User Entity Instance: fixedPointAdder:adder3 ;
+----------------+-------+--------------------------------------------+
; Parameter Name ; Value ; Type                                       ;
+----------------+-------+--------------------------------------------+
; N_BITS         ; 32    ; Signed Integer                             ;
+----------------+-------+--------------------------------------------+
Note: In order to hide this table in the UI and the text report file, please set the "Show Parameter Settings in Synthesis Report" option in "Analysis and Synthesis Settings -> More Settings" to "Off".


+---------------------------------------------------------------------------------------------------------------------------+
; Analysis & Elaboration Settings                                                                                           ;
+---------------------------------------------------------------------------------+--------------------+--------------------+
; Option                                                                          ; Setting            ; Default Value      ;
+---------------------------------------------------------------------------------+--------------------+--------------------+
; Device                                                                          ; 5CSEMA5F31C6       ;                    ;
; Top-level entity name                                                           ; IIR                ; Taller             ;
; Family name                                                                     ; Cyclone V          ; Cyclone V          ;
; Use smart compilation                                                           ; Off                ; Off                ;
; Enable parallel Assembler and Timing Analyzer during compilation                ; On                 ; On                 ;
; Enable compact report table                                                     ; Off                ; Off                ;
; Restructure Multiplexers                                                        ; Auto               ; Auto               ;
; MLAB Add Timing Constraints For Mixed-Port Feed-Through Mode Setting Don't Care ; Off                ; Off                ;
; Create Debugging Nodes for IP Cores                                             ; Off                ; Off                ;
; Preserve fewer node names                                                       ; On                 ; On                 ;
; Intel FPGA IP Evaluation Mode                                                   ; Enable             ; Enable             ;
; Verilog Version                                                                 ; Verilog_2001       ; Verilog_2001       ;
; VHDL Version                                                                    ; VHDL_1993          ; VHDL_1993          ;
; State Machine Processing                                                        ; Auto               ; Auto               ;
; Safe State Machine                                                              ; Off                ; Off                ;
; Extract Verilog State Machines                                                  ; On                 ; On                 ;
; Extract VHDL State Machines                                                     ; On                 ; On                 ;
; Ignore Verilog initial constructs                                               ; Off                ; Off                ;
; Iteration limit for constant Verilog loops                                      ; 5000               ; 5000               ;
; Iteration limit for non-constant Verilog loops                                  ; 250                ; 250                ;
; Add Pass-Through Logic to Inferred RAMs                                         ; On                 ; On                 ;
; Infer RAMs from Raw Logic                                                       ; On                 ; On                 ;
; Parallel Synthesis                                                              ; On                 ; On                 ;
; DSP Block Balancing                                                             ; Auto               ; Auto               ;
; NOT Gate Push-Back                                                              ; On                 ; On                 ;
; Power-Up Don't Care                                                             ; On                 ; On                 ;
; Remove Redundant Logic Cells                                                    ; Off                ; Off                ;
; Remove Duplicate Registers                                                      ; On                 ; On                 ;
; Ignore CARRY Buffers                                                            ; Off                ; Off                ;
; Ignore CASCADE Buffers                                                          ; Off                ; Off                ;
; Ignore GLOBAL Buffers                                                           ; Off                ; Off                ;
; Ignore ROW GLOBAL Buffers                                                       ; Off                ; Off                ;
; Ignore LCELL Buffers                                                            ; Off                ; Off                ;
; Ignore SOFT Buffers                                                             ; On                 ; On                 ;
; Limit AHDL Integers to 32 Bits                                                  ; Off                ; Off                ;
; Optimization Technique                                                          ; Balanced           ; Balanced           ;
; Carry Chain Length                                                              ; 70                 ; 70                 ;
; Auto Carry Chains                                                               ; On                 ; On                 ;
; Auto Open-Drain Pins                                                            ; On                 ; On                 ;
; Perform WYSIWYG Primitive Resynthesis                                           ; Off                ; Off                ;
; Auto ROM Replacement                                                            ; On                 ; On                 ;
; Auto RAM Replacement                                                            ; On                 ; On                 ;
; Auto DSP Block Replacement                                                      ; On                 ; On                 ;
; Auto Shift Register Replacement                                                 ; Auto               ; Auto               ;
; Allow Shift Register Merging across Hierarchies                                 ; Auto               ; Auto               ;
; Auto Clock Enable Replacement                                                   ; On                 ; On                 ;
; Strict RAM Replacement                                                          ; Off                ; Off                ;
; Allow Synchronous Control Signals                                               ; On                 ; On                 ;
; Force Use of Synchronous Clear Signals                                          ; Off                ; Off                ;
; Auto Resource Sharing                                                           ; Off                ; Off                ;
; Allow Any RAM Size For Recognition                                              ; Off                ; Off                ;
; Allow Any ROM Size For Recognition                                              ; Off                ; Off                ;
; Allow Any Shift Register Size For Recognition                                   ; Off                ; Off                ;
; Use LogicLock Constraints during Resource Balancing                             ; On                 ; On                 ;
; Ignore translate_off and synthesis_off directives                               ; Off                ; Off                ;
; Timing-Driven Synthesis                                                         ; On                 ; On                 ;
; Report Parameter Settings                                                       ; On                 ; On                 ;
; Report Source Assignments                                                       ; On                 ; On                 ;
; Report Connectivity Checks                                                      ; On                 ; On                 ;
; Ignore Maximum Fan-Out Assignments                                              ; Off                ; Off                ;
; Synchronization Register Chain Length                                           ; 3                  ; 3                  ;
; Power Optimization During Synthesis                                             ; Normal compilation ; Normal compilation ;
; HDL message level                                                               ; Level2             ; Level2             ;
; Suppress Register Optimization Related Messages                                 ; Off                ; Off                ;
; Number of Removed Registers Reported in Synthesis Report                        ; 5000               ; 5000               ;
; Number of Swept Nodes Reported in Synthesis Report                              ; 5000               ; 5000               ;
; Number of Inverted Registers Reported in Synthesis Report                       ; 100                ; 100                ;
; Clock MUX Protection                                                            ; On                 ; On                 ;
; Auto Gated Clock Conversion                                                     ; Off                ; Off                ;
; Block Design Naming                                                             ; Auto               ; Auto               ;
; SDC constraint protection                                                       ; Off                ; Off                ;
; Synthesis Effort                                                                ; Auto               ; Auto               ;
; Shift Register Replacement - Allow Asynchronous Clear Signal                    ; On                 ; On                 ;
; Pre-Mapping Resynthesis Optimization                                            ; Off                ; Off                ;
; Analysis & Synthesis Message Level                                              ; Medium             ; Medium             ;
; Disable Register Merging Across Hierarchies                                     ; Auto               ; Auto               ;
; Resource Aware Inference For Block RAM                                          ; On                 ; On                 ;
; Automatic Parallel Synthesis                                                    ; On                 ; On                 ;
; Partial Reconfiguration Bitstream ID                                            ; Off                ; Off                ;
+---------------------------------------------------------------------------------+--------------------+--------------------+


+---------------------------------------------------------------------------------------------------------------------------------------------------------------------------------------------------------------------+
; Port Connectivity Checks: "fixedPointAdder:adder3"                                                                                                                                                                  ;
+------------+--------+----------+------------------------------------------------------------------------------------------------------------------------------------------------------------------------------------+
; Port       ; Type   ; Severity ; Details                                                                                                                                                                            ;
+------------+--------+----------+------------------------------------------------------------------------------------------------------------------------------------------------------------------------------------+
; a_i        ; Input  ; Warning  ; Input port expression (33 bits) is wider than the input port (32 bits) it drives.  The 1 most-significant bit(s) in the expression will be dangling if they have no other fanouts. ;
; b_i        ; Input  ; Warning  ; Input port expression (33 bits) is wider than the input port (32 bits) it drives.  The 1 most-significant bit(s) in the expression will be dangling if they have no other fanouts. ;
; overflow_o ; Output ; Info     ; Explicitly unconnected                                                                                                                                                             ;
+------------+--------+----------+------------------------------------------------------------------------------------------------------------------------------------------------------------------------------------+


+---------------------------------------------------------------------------------------------------------------------------------------------------------------------------------------------------------------------+
; Port Connectivity Checks: "fixedPointAdder:adder2"                                                                                                                                                                  ;
+------------+--------+----------+------------------------------------------------------------------------------------------------------------------------------------------------------------------------------------+
; Port       ; Type   ; Severity ; Details                                                                                                                                                                            ;
+------------+--------+----------+------------------------------------------------------------------------------------------------------------------------------------------------------------------------------------+
; a_i        ; Input  ; Warning  ; Input port expression (33 bits) is wider than the input port (32 bits) it drives.  The 1 most-significant bit(s) in the expression will be dangling if they have no other fanouts. ;
; b_i        ; Input  ; Warning  ; Input port expression (33 bits) is wider than the input port (32 bits) it drives.  The 1 most-significant bit(s) in the expression will be dangling if they have no other fanouts. ;
; c_o        ; Output ; Warning  ; Output or bidir port (32 bits) is smaller than the port expression (33 bits) it drives.  The 1 most-significant bit(s) in the port expression will be connected to GND.            ;
; overflow_o ; Output ; Info     ; Explicitly unconnected                                                                                                                                                             ;
+------------+--------+----------+------------------------------------------------------------------------------------------------------------------------------------------------------------------------------------+


+---------------------------------------------------------------------------------------------------------------------------------------------------------------------------------------------------------------------+
; Port Connectivity Checks: "fixedPointAdder:adder1"                                                                                                                                                                  ;
+------------+--------+----------+------------------------------------------------------------------------------------------------------------------------------------------------------------------------------------+
; Port       ; Type   ; Severity ; Details                                                                                                                                                                            ;
+------------+--------+----------+------------------------------------------------------------------------------------------------------------------------------------------------------------------------------------+
; b_i        ; Input  ; Warning  ; Input port expression (33 bits) is wider than the input port (32 bits) it drives.  The 1 most-significant bit(s) in the expression will be dangling if they have no other fanouts. ;
; c_o        ; Output ; Warning  ; Output or bidir port (32 bits) is smaller than the port expression (33 bits) it drives.  The 1 most-significant bit(s) in the port expression will be connected to GND.            ;
; overflow_o ; Output ; Info     ; Explicitly unconnected                                                                                                                                                             ;
+------------+--------+----------+------------------------------------------------------------------------------------------------------------------------------------------------------------------------------------+


+---------------------------------------------------------------------------------------------------------------------------------------------------------------------------------------------------------------+
; Port Connectivity Checks: "floatingpPointMult:mult3"                                                                                                                                                          ;
+------+--------+----------+------------------------------------------------------------------------------------------------------------------------------------------------------------------------------------+
; Port ; Type   ; Severity ; Details                                                                                                                                                                            ;
+------+--------+----------+------------------------------------------------------------------------------------------------------------------------------------------------------------------------------------+
; A    ; Input  ; Warning  ; Input port expression (16 bits) is wider than the input port (15 bits) it drives.  The 1 most-significant bit(s) in the expression will be dangling if they have no other fanouts. ;
; C    ; Input  ; Warning  ; Input port expression (16 bits) is wider than the input port (15 bits) it drives.  The 1 most-significant bit(s) in the expression will be dangling if they have no other fanouts. ;
; out  ; Output ; Warning  ; Output or bidir port (32 bits) is smaller than the port expression (33 bits) it drives.  The 1 most-significant bit(s) in the port expression will be connected to GND.            ;
+------+--------+----------+------------------------------------------------------------------------------------------------------------------------------------------------------------------------------------+


+---------------------------------------------------------------------------------------------------------------------------------------------------------------------------------------------------------------+
; Port Connectivity Checks: "floatingpPointMult:mult2"                                                                                                                                                          ;
+------+--------+----------+------------------------------------------------------------------------------------------------------------------------------------------------------------------------------------+
; Port ; Type   ; Severity ; Details                                                                                                                                                                            ;
+------+--------+----------+------------------------------------------------------------------------------------------------------------------------------------------------------------------------------------+
; A    ; Input  ; Warning  ; Input port expression (16 bits) is wider than the input port (15 bits) it drives.  The 1 most-significant bit(s) in the expression will be dangling if they have no other fanouts. ;
; C    ; Input  ; Warning  ; Input port expression (16 bits) is wider than the input port (15 bits) it drives.  The 1 most-significant bit(s) in the expression will be dangling if they have no other fanouts. ;
; out  ; Output ; Warning  ; Output or bidir port (32 bits) is smaller than the port expression (33 bits) it drives.  The 1 most-significant bit(s) in the port expression will be connected to GND.            ;
+------+--------+----------+------------------------------------------------------------------------------------------------------------------------------------------------------------------------------------+


+--------------------------------------------------------------------------------------------------------------------+
; Port Connectivity Checks: "floatingpPointMult:mult1|mid:midUnit|mulUnit:multiplicationUnit2"                       ;
+----------+--------+----------+-------------------------------------------------------------------------------------+
; Port     ; Type   ; Severity ; Details                                                                             ;
+----------+--------+----------+-------------------------------------------------------------------------------------+
; signB    ; Input  ; Info     ; Stuck at GND                                                                        ;
; overflow ; Output ; Info     ; Connected to dangling logic. Logic that only feeds a dangling port will be removed. ;
; sign     ; Output ; Info     ; Connected to dangling logic. Logic that only feeds a dangling port will be removed. ;
+----------+--------+----------+-------------------------------------------------------------------------------------+


+--------------------------------------------------------------------------------------------------------------------+
; Port Connectivity Checks: "floatingpPointMult:mult1|mid:midUnit|mulUnit:multiplicationUnit1"                       ;
+----------+--------+----------+-------------------------------------------------------------------------------------+
; Port     ; Type   ; Severity ; Details                                                                             ;
+----------+--------+----------+-------------------------------------------------------------------------------------+
; signB    ; Input  ; Info     ; Stuck at GND                                                                        ;
; overflow ; Output ; Info     ; Connected to dangling logic. Logic that only feeds a dangling port will be removed. ;
; sign     ; Output ; Info     ; Connected to dangling logic. Logic that only feeds a dangling port will be removed. ;
+----------+--------+----------+-------------------------------------------------------------------------------------+


+--------------------------------------------------------------------------------------------------------------------+
; Port Connectivity Checks: "floatingpPointMult:mult1|low:lowUnit|mulUnit:multiplicationUnit"                        ;
+----------+--------+----------+-------------------------------------------------------------------------------------+
; Port     ; Type   ; Severity ; Details                                                                             ;
+----------+--------+----------+-------------------------------------------------------------------------------------+
; signA    ; Input  ; Info     ; Stuck at GND                                                                        ;
; signB    ; Input  ; Info     ; Stuck at GND                                                                        ;
; overflow ; Output ; Info     ; Connected to dangling logic. Logic that only feeds a dangling port will be removed. ;
; sign     ; Output ; Info     ; Connected to dangling logic. Logic that only feeds a dangling port will be removed. ;
+----------+--------+----------+-------------------------------------------------------------------------------------+


+---------------------------------------------------------------------------------------------------------------------------------------------------------------------------------------------------------------+
; Port Connectivity Checks: "floatingpPointMult:mult1"                                                                                                                                                          ;
+------+--------+----------+------------------------------------------------------------------------------------------------------------------------------------------------------------------------------------+
; Port ; Type   ; Severity ; Details                                                                                                                                                                            ;
+------+--------+----------+------------------------------------------------------------------------------------------------------------------------------------------------------------------------------------+
; A    ; Input  ; Warning  ; Input port expression (16 bits) is wider than the input port (15 bits) it drives.  The 1 most-significant bit(s) in the expression will be dangling if they have no other fanouts. ;
; C    ; Input  ; Warning  ; Input port expression (16 bits) is wider than the input port (15 bits) it drives.  The 1 most-significant bit(s) in the expression will be dangling if they have no other fanouts. ;
; out  ; Output ; Warning  ; Output or bidir port (32 bits) is smaller than the port expression (33 bits) it drives.  The 1 most-significant bit(s) in the port expression will be connected to GND.            ;
+------+--------+----------+------------------------------------------------------------------------------------------------------------------------------------------------------------------------------------+


+---------------------------------------------------------------------------------------------------------------------------------------------------------------------------------------------------------------------+
; Port Connectivity Checks: "simpleRegister:sRegister"                                                                                                                                                                ;
+------------+--------+----------+------------------------------------------------------------------------------------------------------------------------------------------------------------------------------------+
; Port       ; Type   ; Severity ; Details                                                                                                                                                                            ;
+------------+--------+----------+------------------------------------------------------------------------------------------------------------------------------------------------------------------------------------+
; data_i     ; Input  ; Warning  ; Input port expression (33 bits) is wider than the input port (32 bits) it drives.  The 1 most-significant bit(s) in the expression will be dangling if they have no other fanouts. ;
; data_o     ; Output ; Warning  ; Output or bidir port (32 bits) is smaller than the port expression (33 bits) it drives.  The 1 most-significant bit(s) in the port expression will be connected to GND.            ;
; data_o[31] ; Output ; Info     ; Connected to dangling logic. Logic that only feeds a dangling port will be removed.                                                                                                ;
+------------+--------+----------+------------------------------------------------------------------------------------------------------------------------------------------------------------------------------------+


+---------------------------------+
; Analysis & Elaboration Messages ;
+---------------------------------+
Info: *******************************************************************
Info: Running Quartus Prime Analysis & Elaboration
    Info: Version 18.1.0 Build 625 09/12/2018 SJ Lite Edition
    Info: Processing started: Wed Aug  5 13:51:29 2020
Info: Command: quartus_map --read_settings_files=on --write_settings_files=off Taller -c Taller --analysis_and_elaboration
Warning (18236): Number of processors has not been specified which may cause overloading on shared machines.  Set the global assignment NUM_PARALLEL_PROCESSORS in your QSF to an appropriate value for best performance.
Info (20030): Parallel compilation is enabled and will use 4 of the 4 processors detected
Info (12021): Found 1 design units, including 1 entities, in source file fixedPointAdder.sv
    Info (12023): Found entity 1: fixedPointAdder File: /home/gsegura/Documents/TEC/2020/analogico/ProyectoFinal/IIR_Verilog/Floating point multiplication unit/fixedPointAdder.sv Line: 1
Info (12021): Found 1 design units, including 1 entities, in source file fixedPointAdder_tb.sv
    Info (12023): Found entity 1: fixedPointAdder_tb File: /home/gsegura/Documents/TEC/2020/analogico/ProyectoFinal/IIR_Verilog/Floating point multiplication unit/fixedPointAdder_tb.sv Line: 1
Info (12021): Found 1 design units, including 1 entities, in source file xorgate.sv
    Info (12023): Found entity 1: xorgate File: /home/gsegura/Documents/TEC/2020/analogico/ProyectoFinal/IIR_Verilog/Floating point multiplication unit/xorgate.sv Line: 2
Info (12021): Found 1 design units, including 1 entities, in source file Top.sv
    Info (12023): Found entity 1: Top File: /home/gsegura/Documents/TEC/2020/analogico/ProyectoFinal/IIR_Verilog/Floating point multiplication unit/Top.sv Line: 1
Info (12021): Found 1 design units, including 1 entities, in source file mul.sv
    Info (12023): Found entity 1: mul File: /home/gsegura/Documents/TEC/2020/analogico/ProyectoFinal/IIR_Verilog/Floating point multiplication unit/mul.sv Line: 2
Info (12021): Found 1 design units, including 1 entities, in source file overFlowDetector.sv
    Info (12023): Found entity 1: overFlowDetector File: /home/gsegura/Documents/TEC/2020/analogico/ProyectoFinal/IIR_Verilog/Floating point multiplication unit/overFlowDetector.sv Line: 1
Info (12021): Found 1 design units, including 1 entities, in source file addUnit.sv
    Info (12023): Found entity 1: addUnit File: /home/gsegura/Documents/TEC/2020/analogico/ProyectoFinal/IIR_Verilog/Floating point multiplication unit/addUnit.sv Line: 1
Info (12021): Found 1 design units, including 1 entities, in source file mulUnit.sv
    Info (12023): Found entity 1: mulUnit File: /home/gsegura/Documents/TEC/2020/analogico/ProyectoFinal/IIR_Verilog/Floating point multiplication unit/mulUnit.sv Line: 1
Info (12021): Found 1 design units, including 1 entities, in source file signInverter.sv
    Info (12023): Found entity 1: signInverter File: /home/gsegura/Documents/TEC/2020/analogico/ProyectoFinal/IIR_Verilog/Floating point multiplication unit/signInverter.sv Line: 1
Info (12021): Found 1 design units, including 1 entities, in source file testsignInverter.sv
    Info (12023): Found entity 1: testsignInverter File: /home/gsegura/Documents/TEC/2020/analogico/ProyectoFinal/IIR_Verilog/Floating point multiplication unit/testsignInverter.sv Line: 1
Info (12021): Found 1 design units, including 1 entities, in source file testMult.sv
    Info (12023): Found entity 1: testMult File: /home/gsegura/Documents/TEC/2020/analogico/ProyectoFinal/IIR_Verilog/Floating point multiplication unit/testMult.sv Line: 1
Info (12021): Found 1 design units, including 1 entities, in source file overFlowDetectorTest.sv
    Info (12023): Found entity 1: overFlowDetectorTest File: /home/gsegura/Documents/TEC/2020/analogico/ProyectoFinal/IIR_Verilog/Floating point multiplication unit/overFlowDetectorTest.sv Line: 1
Info (12021): Found 1 design units, including 1 entities, in source file mulUnitTest.sv
    Info (12023): Found entity 1: mulUnitTest File: /home/gsegura/Documents/TEC/2020/analogico/ProyectoFinal/IIR_Verilog/Floating point multiplication unit/mulUnitTest.sv Line: 1
Info (12021): Found 1 design units, including 1 entities, in source file extender.sv
    Info (12023): Found entity 1: extender File: /home/gsegura/Documents/TEC/2020/analogico/ProyectoFinal/IIR_Verilog/Floating point multiplication unit/extender.sv Line: 1
Info (12021): Found 1 design units, including 1 entities, in source file signedmult.sv
    Info (12023): Found entity 1: signedmult File: /home/gsegura/Documents/TEC/2020/analogico/ProyectoFinal/IIR_Verilog/Floating point multiplication unit/signedmult.sv Line: 1
Info (12021): Found 1 design units, including 1 entities, in source file onebitExtender.sv
    Info (12023): Found entity 1: onebitExtender File: /home/gsegura/Documents/TEC/2020/analogico/ProyectoFinal/IIR_Verilog/Floating point multiplication unit/onebitExtender.sv Line: 1
Info (12021): Found 1 design units, including 1 entities, in source file to32extender.sv
    Info (12023): Found entity 1: to32extender File: /home/gsegura/Documents/TEC/2020/analogico/ProyectoFinal/IIR_Verilog/Floating point multiplication unit/to32extender.sv Line: 1
Info (12021): Found 1 design units, including 1 entities, in source file high.sv
    Info (12023): Found entity 1: high File: /home/gsegura/Documents/TEC/2020/analogico/ProyectoFinal/IIR_Verilog/Floating point multiplication unit/high.sv Line: 1
Info (12021): Found 1 design units, including 1 entities, in source file bit32Adder.sv
    Info (12023): Found entity 1: bit32Adder File: /home/gsegura/Documents/TEC/2020/analogico/ProyectoFinal/IIR_Verilog/Floating point multiplication unit/bit32Adder.sv Line: 1
Info (12021): Found 1 design units, including 1 entities, in source file mid.sv
    Info (12023): Found entity 1: mid File: /home/gsegura/Documents/TEC/2020/analogico/ProyectoFinal/IIR_Verilog/Floating point multiplication unit/mid.sv Line: 1
Info (12021): Found 1 design units, including 1 entities, in source file low.sv
    Info (12023): Found entity 1: low File: /home/gsegura/Documents/TEC/2020/analogico/ProyectoFinal/IIR_Verilog/Floating point multiplication unit/low.sv Line: 1
Info (12021): Found 1 design units, including 1 entities, in source file highTest.sv
    Info (12023): Found entity 1: highTest File: /home/gsegura/Documents/TEC/2020/analogico/ProyectoFinal/IIR_Verilog/Floating point multiplication unit/highTest.sv Line: 1
Info (12021): Found 1 design units, including 1 entities, in source file midTest.sv
    Info (12023): Found entity 1: midTest File: /home/gsegura/Documents/TEC/2020/analogico/ProyectoFinal/IIR_Verilog/Floating point multiplication unit/midTest.sv Line: 1
Info (12021): Found 1 design units, including 1 entities, in source file lowtest.sv
    Info (12023): Found entity 1: lowtest File: /home/gsegura/Documents/TEC/2020/analogico/ProyectoFinal/IIR_Verilog/Floating point multiplication unit/lowtest.sv Line: 1
Info (12021): Found 1 design units, including 1 entities, in source file floatingpPointMult.sv
    Info (12023): Found entity 1: floatingpPointMult File: /home/gsegura/Documents/TEC/2020/analogico/ProyectoFinal/IIR_Verilog/Floating point multiplication unit/floatingpPointMult.sv Line: 1
Info (12021): Found 1 design units, including 1 entities, in source file leftShifter.sv
    Info (12023): Found entity 1: leftShifter File: /home/gsegura/Documents/TEC/2020/analogico/ProyectoFinal/IIR_Verilog/Floating point multiplication unit/leftShifter.sv Line: 1
Info (12021): Found 1 design units, including 1 entities, in source file rightShifter.sv
    Info (12023): Found entity 1: rightShifter File: /home/gsegura/Documents/TEC/2020/analogico/ProyectoFinal/IIR_Verilog/Floating point multiplication unit/rightShifter.sv Line: 1
Info (12021): Found 1 design units, including 1 entities, in source file outSelector.sv
    Info (12023): Found entity 1: outSelector File: /home/gsegura/Documents/TEC/2020/analogico/ProyectoFinal/IIR_Verilog/Floating point multiplication unit/outSelector.sv Line: 1
Info (12021): Found 1 design units, including 1 entities, in source file bit32OverflowDetector.sv
    Info (12023): Found entity 1: bit32OverflowDetector File: /home/gsegura/Documents/TEC/2020/analogico/ProyectoFinal/IIR_Verilog/Floating point multiplication unit/bit32OverflowDetector.sv Line: 1
Info (12021): Found 1 design units, including 1 entities, in source file floatingpPointMultTest.sv
    Info (12023): Found entity 1: floatingpPointMultTest File: /home/gsegura/Documents/TEC/2020/analogico/ProyectoFinal/IIR_Verilog/Floating point multiplication unit/floatingpPointMultTest.sv Line: 1
Info (12021): Found 1 design units, including 1 entities, in source file IIR.sv
    Info (12023): Found entity 1: IIR File: /home/gsegura/Documents/TEC/2020/analogico/ProyectoFinal/IIR_Verilog/Floating point multiplication unit/IIR.sv Line: 1
Info (12021): Found 1 design units, including 1 entities, in source file IIR_tb.sv
    Info (12023): Found entity 1: IIR_tb File: /home/gsegura/Documents/TEC/2020/analogico/ProyectoFinal/IIR_Verilog/Floating point multiplication unit/IIR_tb.sv Line: 1
Info (12021): Found 1 design units, including 1 entities, in source file simpleRegister.sv
    Info (12023): Found entity 1: simpleRegister File: /home/gsegura/Documents/TEC/2020/analogico/ProyectoFinal/IIR_Verilog/Floating point multiplication unit/simpleRegister.sv Line: 1
Info (12021): Found 1 design units, including 1 entities, in source file simpleRegister_tb.sv
    Info (12023): Found entity 1: simpleRegister_tb File: /home/gsegura/Documents/TEC/2020/analogico/ProyectoFinal/IIR_Verilog/Floating point multiplication unit/simpleRegister_tb.sv Line: 1
Info (12127): Elaborating entity "IIR" for the top level hierarchy
Info (12128): Elaborating entity "simpleRegister" for hierarchy "simpleRegister:sRegister" File: /home/gsegura/Documents/TEC/2020/analogico/ProyectoFinal/IIR_Verilog/Floating point multiplication unit/IIR.sv Line: 17
Info (12128): Elaborating entity "floatingpPointMult" for hierarchy "floatingpPointMult:mult1" File: /home/gsegura/Documents/TEC/2020/analogico/ProyectoFinal/IIR_Verilog/Floating point multiplication unit/IIR.sv Line: 27
Info (12128): Elaborating entity "low" for hierarchy "floatingpPointMult:mult1|low:lowUnit" File: /home/gsegura/Documents/TEC/2020/analogico/ProyectoFinal/IIR_Verilog/Floating point multiplication unit/floatingpPointMult.sv Line: 14
Info (12128): Elaborating entity "mulUnit" for hierarchy "floatingpPointMult:mult1|low:lowUnit|mulUnit:multiplicationUnit" File: /home/gsegura/Documents/TEC/2020/analogico/ProyectoFinal/IIR_Verilog/Floating point multiplication unit/low.sv Line: 5
Info (12128): Elaborating entity "signInverter" for hierarchy "floatingpPointMult:mult1|low:lowUnit|mulUnit:multiplicationUnit|signInverter:invertA" File: /home/gsegura/Documents/TEC/2020/analogico/ProyectoFinal/IIR_Verilog/Floating point multiplication unit/mulUnit.sv Line: 10
Info (12128): Elaborating entity "extender" for hierarchy "floatingpPointMult:mult1|low:lowUnit|mulUnit:multiplicationUnit|extender:extenderA" File: /home/gsegura/Documents/TEC/2020/analogico/ProyectoFinal/IIR_Verilog/Floating point multiplication unit/mulUnit.sv Line: 14
Info (12128): Elaborating entity "mul" for hierarchy "floatingpPointMult:mult1|low:lowUnit|mulUnit:multiplicationUnit|mul:multiplier" File: /home/gsegura/Documents/TEC/2020/analogico/ProyectoFinal/IIR_Verilog/Floating point multiplication unit/mulUnit.sv Line: 18
Info (12128): Elaborating entity "overFlowDetector" for hierarchy "floatingpPointMult:mult1|low:lowUnit|mulUnit:multiplicationUnit|overFlowDetector:over" File: /home/gsegura/Documents/TEC/2020/analogico/ProyectoFinal/IIR_Verilog/Floating point multiplication unit/mulUnit.sv Line: 20
Info (12128): Elaborating entity "xorgate" for hierarchy "floatingpPointMult:mult1|low:lowUnit|mulUnit:multiplicationUnit|xorgate:xorg" File: /home/gsegura/Documents/TEC/2020/analogico/ProyectoFinal/IIR_Verilog/Floating point multiplication unit/mulUnit.sv Line: 22
Info (12128): Elaborating entity "to32extender" for hierarchy "floatingpPointMult:mult1|low:lowUnit|to32extender:resultExtender" File: /home/gsegura/Documents/TEC/2020/analogico/ProyectoFinal/IIR_Verilog/Floating point multiplication unit/low.sv Line: 6
Info (12128): Elaborating entity "mid" for hierarchy "floatingpPointMult:mult1|mid:midUnit" File: /home/gsegura/Documents/TEC/2020/analogico/ProyectoFinal/IIR_Verilog/Floating point multiplication unit/floatingpPointMult.sv Line: 16
Info (12128): Elaborating entity "onebitExtender" for hierarchy "floatingpPointMult:mult1|mid:midUnit|onebitExtender:extendA" File: /home/gsegura/Documents/TEC/2020/analogico/ProyectoFinal/IIR_Verilog/Floating point multiplication unit/mid.sv Line: 9
Info (12128): Elaborating entity "bit32Adder" for hierarchy "floatingpPointMult:mult1|mid:midUnit|bit32Adder:add" File: /home/gsegura/Documents/TEC/2020/analogico/ProyectoFinal/IIR_Verilog/Floating point multiplication unit/mid.sv Line: 15
Info (12128): Elaborating entity "high" for hierarchy "floatingpPointMult:mult1|high:highUnit" File: /home/gsegura/Documents/TEC/2020/analogico/ProyectoFinal/IIR_Verilog/Floating point multiplication unit/floatingpPointMult.sv Line: 18
Info (12128): Elaborating entity "leftShifter" for hierarchy "floatingpPointMult:mult1|leftShifter:highshifter" File: /home/gsegura/Documents/TEC/2020/analogico/ProyectoFinal/IIR_Verilog/Floating point multiplication unit/floatingpPointMult.sv Line: 20
Info (12128): Elaborating entity "rightShifter" for hierarchy "floatingpPointMult:mult1|rightShifter:lowShifter" File: /home/gsegura/Documents/TEC/2020/analogico/ProyectoFinal/IIR_Verilog/Floating point multiplication unit/floatingpPointMult.sv Line: 22
Info (12128): Elaborating entity "bit32OverflowDetector" for hierarchy "floatingpPointMult:mult1|bit32OverflowDetector:detector" File: /home/gsegura/Documents/TEC/2020/analogico/ProyectoFinal/IIR_Verilog/Floating point multiplication unit/floatingpPointMult.sv Line: 30
Info (12128): Elaborating entity "outSelector" for hierarchy "floatingpPointMult:mult1|outSelector:outGen" File: /home/gsegura/Documents/TEC/2020/analogico/ProyectoFinal/IIR_Verilog/Floating point multiplication unit/floatingpPointMult.sv Line: 32
Info (12128): Elaborating entity "fixedPointAdder" for hierarchy "fixedPointAdder:adder1" File: /home/gsegura/Documents/TEC/2020/analogico/ProyectoFinal/IIR_Verilog/Floating point multiplication unit/IIR.sv Line: 55
Warning (12011): Net is missing source, defaulting to GND
    Warning (12110): Net "x[32]" is missing source, defaulting to GND File: /home/gsegura/Documents/TEC/2020/analogico/ProyectoFinal/IIR_Verilog/Floating point multiplication unit/IIR.sv Line: 11
Warning (12011): Net is missing source, defaulting to GND
    Warning (12110): Net "x[32]" is missing source, defaulting to GND File: /home/gsegura/Documents/TEC/2020/analogico/ProyectoFinal/IIR_Verilog/Floating point multiplication unit/IIR.sv Line: 11
    Warning (12110): Net "w1_b1[32]" is missing source, defaulting to GND File: /home/gsegura/Documents/TEC/2020/analogico/ProyectoFinal/IIR_Verilog/Floating point multiplication unit/IIR.sv Line: 11
Warning (12011): Net is missing source, defaulting to GND
    Warning (12110): Net "x[32]" is missing source, defaulting to GND File: /home/gsegura/Documents/TEC/2020/analogico/ProyectoFinal/IIR_Verilog/Floating point multiplication unit/IIR.sv Line: 11
    Warning (12110): Net "w1_a[32]" is missing source, defaulting to GND File: /home/gsegura/Documents/TEC/2020/analogico/ProyectoFinal/IIR_Verilog/Floating point multiplication unit/IIR.sv Line: 11
    Warning (12110): Net "w1_b1[32]" is missing source, defaulting to GND File: /home/gsegura/Documents/TEC/2020/analogico/ProyectoFinal/IIR_Verilog/Floating point multiplication unit/IIR.sv Line: 11
Warning (12011): Net is missing source, defaulting to GND
    Warning (12110): Net "x[32]" is missing source, defaulting to GND File: /home/gsegura/Documents/TEC/2020/analogico/ProyectoFinal/IIR_Verilog/Floating point multiplication unit/IIR.sv Line: 11
    Warning (12110): Net "w1_a[32]" is missing source, defaulting to GND File: /home/gsegura/Documents/TEC/2020/analogico/ProyectoFinal/IIR_Verilog/Floating point multiplication unit/IIR.sv Line: 11
    Warning (12110): Net "w1_b1[32]" is missing source, defaulting to GND File: /home/gsegura/Documents/TEC/2020/analogico/ProyectoFinal/IIR_Verilog/Floating point multiplication unit/IIR.sv Line: 11
    Warning (12110): Net "w0_b0[32]" is missing source, defaulting to GND File: /home/gsegura/Documents/TEC/2020/analogico/ProyectoFinal/IIR_Verilog/Floating point multiplication unit/IIR.sv Line: 11
Warning (12011): Net is missing source, defaulting to GND
    Warning (12110): Net "x[32]" is missing source, defaulting to GND File: /home/gsegura/Documents/TEC/2020/analogico/ProyectoFinal/IIR_Verilog/Floating point multiplication unit/IIR.sv Line: 11
    Warning (12110): Net "w1_a[32]" is missing source, defaulting to GND File: /home/gsegura/Documents/TEC/2020/analogico/ProyectoFinal/IIR_Verilog/Floating point multiplication unit/IIR.sv Line: 11
    Warning (12110): Net "w1_b1[32]" is missing source, defaulting to GND File: /home/gsegura/Documents/TEC/2020/analogico/ProyectoFinal/IIR_Verilog/Floating point multiplication unit/IIR.sv Line: 11
    Warning (12110): Net "w0_b0[32]" is missing source, defaulting to GND File: /home/gsegura/Documents/TEC/2020/analogico/ProyectoFinal/IIR_Verilog/Floating point multiplication unit/IIR.sv Line: 11
    Warning (12110): Net "w0[32]" is missing source, defaulting to GND File: /home/gsegura/Documents/TEC/2020/analogico/ProyectoFinal/IIR_Verilog/Floating point multiplication unit/IIR.sv Line: 11
    Warning (12110): Net "w1[32]" is missing source, defaulting to GND File: /home/gsegura/Documents/TEC/2020/analogico/ProyectoFinal/IIR_Verilog/Floating point multiplication unit/IIR.sv Line: 11
Warning (12241): 7 hierarchies have connectivity warnings - see the Connectivity Checks report folder
Info: Quartus Prime Analysis & Elaboration was successful. 0 errors, 23 warnings
    Info: Peak virtual memory: 1250 megabytes
    Info: Processing ended: Wed Aug  5 13:51:40 2020
    Info: Elapsed time: 00:00:11
    Info: Total CPU time (on all processors): 00:00:29


